[backblue.gif]
[fade.gif]
[index.html]
[osircourier.com/index.html]
[osircourier.com/app/index.html]
[osircourier.com/app/img/core-img/icon.png]
[osircourier.com/app/style.css]
[osircourier.com/app/css/animate.css]
[osircourier.com/app/css/font-awesome.css]
[gtranslate.net/flags/blank.png]
[gtranslate.net/flags/16.png]
[gtranslate.net/flags/16a.png]
[translate.google.com/translate_a/element7876.js]
[osircourier.com/app/index-2.html]
[osircourier.com/app/services.html]
[osircourier.com/app/about.html]
[osircourier.com/app/contact.html]
[osircourier.com/app/faqs.html]
[osircourier.com/app/tracking.html]
[osircourier.com/app/img/core-img/logo.png]
[osircourier.com/app/img/Services/bg-ser.jpg]
[osircourier.com/app/img/Services/bg-ser-2.jpg]
[osircourier.com/app/img/icons/truck.png]
[osircourier.com/app/img/icons/truck-1.png]
[osircourier.com/app/img/icons/package-6.png]
[osircourier.com/app/img/bg-img/count-bg-1.jpg]
[osircourier.com/app/img/blog-img/cargocar.png]
[osircourier.com/app/img/icons/shopping-bag-10.png]
[osircourier.com/app/img/icons/box-3.png]
[osircourier.com/app/img/bg-img/pc-1.jpg]
[osircourier.com/app/img/bg-img/pc-2.jpg]
[osircourier.com/app/img/bg-img/pc-3.jpg]
[osircourier.com/app/img/bg-img/pc-4.jpg]
[osircourier.com/app/img/bg-img/bg-2.jpg]
[osircourier.com/app/img/bg-img/t1.jpg]
[osircourier.com/app/img/bg-img/t2.jpg]
[osircourier.com/app/img/bg-img/t3.jpg]
[osircourier.com/app/img/bg-img/t4.jpg]
[osircourier.com/app/img/blog-img/lb-1.jpg]
[osircourier.com/app/img/blog-img/lb-3.jpg]
[osircourier.com/app/img/blog-img/lb-2.jpg]
[osircourier.com/app/img/bg-img/gallery1.jpg]
[osircourier.com/app/img/bg-img/gallery2.jpg]
[osircourier.com/app/js/jquery/jquery-2.2.4.min.js]
[osircourier.com/app/js/bootstrap/popper.min.js]
[osircourier.com/app/js/bootstrap/bootstrap.min.js]
[osircourier.com/app/js/active.js]
[osircourier.com/app/js/plugins/plugins.js]
[osircourier.com/app/js/responsive-btn-1.js]
[osircourier.com/app/index.html]
[osircourier.com/app/css/bootstrap.min.css]
[osircourier.com/app/css/owl.carousel.min.css]
[osircourier.com/app/css/magnific-popup.css]
[osircourier.com/app/css/font-awesome.min.css]
[osircourier.com/app/css/custom-icon.css]
[osircourier.com/app/css/classy-nav.min.css]
[osircourier.com/app/style.css]
[osircourier.com/app/css/animate.css]
[osircourier.com/app/fonts/fontawesome-webfont.eot]
[osircourier.com/app/fonts/fontawesome-webfont-1.eot]
[osircourier.com/app/fonts/fontawesome-webfont.woff2]
[osircourier.com/app/fonts/fontawesome-webfont.woff]
[osircourier.com/app/fonts/fontawesome-webfont.ttf]
[osircourier.com/app/css/font-awesome.css]
[osircourier.com/app/index-2.html]
[osircourier.com/app/img/bg-img/bg-1.jpg]
[osircourier.com/app/services.html]
[osircourier.com/app/img/Services/bg-ser-4.jpg]
[osircourier.com/app/fonts/fontawesome-webfont.svg]
[osircourier.com/app/img/Services/bg-ser-5.jpg]
[osircourier.com/app/about.html]
[osircourier.com/app/img/Services/bg-ser-7.jpg]
[osircourier.com/app/img/Services/bg-ser-6.jpg]
[osircourier.com/app/contact.html]
[osircourier.com/app/img/bg-img/breadcumb.jpg]
[osircourier.com/app/faqs.html]
[osircourier.com/app/tracking.html]
[osircourier.com/app/css/bootstrap.min.css]
[osircourier.com/app/css/owl.video.play.png]
[osircourier.com/app/css/owl.carousel.min.css]
[osircourier.com/app/css/magnific-popup.css]
[osircourier.com/app/fonts/fontawesome-webfont3e6e.eot]
[osircourier.com/app/fonts/fontawesome-webfontd41d.eot]
[osircourier.com/app/fonts/fontawesome-webfont3e6e.woff2]
[osircourier.com/app/fonts/fontawesome-webfont3e6e.woff]
[osircourier.com/app/fonts/fontawesome-webfont3e6e.ttf]
[osircourier.com/app/css/font-awesome.min.css]
[osircourier.com/app/fonts/icomoon62b1.eot]
[osircourier.com/app/fonts/icomoon62b1.ttf]
[osircourier.com/app/fonts/icomoon62b1.woff]
[osircourier.com/app/css/custom-icon.css]
[osircourier.com/app/fonts/icomoon62b1.svg]
[osircourier.com/app/fonts/classycb9b.eot]
[osircourier.com/app/fonts/fontawesome-webfont3e6e.svg]
[osircourier.com/app/fonts/classycb9b.ttf]
[osircourier.com/app/fonts/classycb9b.woff]
[osircourier.com/app/fonts/classycb9b.svg]
[osircourier.com/app/css/classy-nav.min.css]
[osircourier.com/app/fonts/fontawesome-webfont-1.html]
[osircourier.com/app/fonts/fontawesome-webfont.svg]
[osircourier.com/app/css/owl.video.play.html]
[osircourier.com/app/fonts/fontawesome-webfont3e6e.svg]
[osircourier.com/app/fonts/icomoon62b1.svg]
[osircourier.com/app/fonts/classycb9b.svg]
